
> react-kavia@0.1.0 start
> cross-env EDIT_MODE=true webpack serve --config .ve/webpack.config.js --mode development

<i> [webpack-dev-server] Project is running at:
<i> [webpack-dev-server] Loopback: http://localhost:3000/, http://[::1]:3000/
<i> [webpack-dev-server] On Your Network (IPv4): http://172.17.0.2:3000/
<i> [webpack-dev-server] Content not from webpack is served from './public' directory
Injecting EditorRootWrapper import: ../.ve/EditorRootWrapper
asset bundle.js 1.47 MiB [emitted] (name: main)
asset index.html 1.98 KiB [emitted]
runtime modules 27.5 KiB 14 modules
modules by path ./node_modules/ 1.3 MiB 42 modules
modules by path ./src/ 13.3 KiB
  modules by path ./src/*.js 10.3 KiB 4 modules
  modules by path ./src/*.css 3.08 KiB
    ./src/index.css 2.23 KiB [built] [code generated]
    ./node_modules/css-loader/dist/cjs.js!./src/index.css 875 bytes [built] [code generated]
modules by path ./.ve/ 15.1 KiB
  modules by path ./.ve/*.js 10.6 KiB 2 modules
  modules by path ./.ve/*.css 2.93 KiB
    ./.ve/EditorOverlay.css 2.25 KiB [built] [code generated]
    ./node_modules/css-loader/dist/cjs.js!./.ve/EditorOverlay.css 697 bytes [built] [code generated]
  ./.ve/EditorOverlay.jsx 1.58 KiB [built] [code generated]
webpack 5.99.9 compiled successfully in 1349 ms
assets by status 1.98 KiB [cached] 1 asset
assets by path *.js 1.49 MiB
  asset bundle.js 1.47 MiB [emitted] (name: main)
  asset main.0da30ac9702c57f640b2.hot-update.js 15.9 KiB [emitted] [immutable] [hmr] (name: main)
asset main.0da30ac9702c57f640b2.hot-update.json 28 bytes [emitted] [immutable] [hmr]
Entrypoint main 1.49 MiB = bundle.js 1.47 MiB main.0da30ac9702c57f640b2.hot-update.js 15.9 KiB
cached modules 1.32 MiB [cached] 52 modules
runtime modules 27.5 KiB 14 modules
javascript modules 10.6 KiB
  ./src/JournalingScreen.js 7.58 KiB [built] [code generated]
  ./src/Navbar.js 3.05 KiB [built] [code generated]
webpack 5.99.9 compiled successfully in 99 ms
assets by status 1.98 KiB [cached] 1 asset
assets by path *.js 1.48 MiB
  asset bundle.js 1.47 MiB [emitted] (name: main)
  asset main.7f8fa0c816fefd8b134a.hot-update.js 11.4 KiB [emitted] [immutable] [hmr] (name: main)
asset main.7f8fa0c816fefd8b134a.hot-update.json 28 bytes [emitted] [immutable] [hmr]
Entrypoint main 1.48 MiB = bundle.js 1.47 MiB main.7f8fa0c816fefd8b134a.hot-update.js 11.4 KiB
cached modules 1.33 MiB [cached] 53 modules
runtime modules 27.5 KiB 14 modules
./src/JournalingScreen.js 7.86 KiB [built] [code generated]
webpack 5.99.9 compiled successfully in 74 ms
